Traceback (most recent call last):
  File "/home/runner/work/fe-quest/fe-quest/.github/subject-b-wrong-answer-feedback-learner-flow-audit/validate_audit.py", line 248, in <module>
    html, cand = runtime('_site/index.html')
                 ^^^^^^^^^^^^^^^^^^^^^^^^^^^
  File "/home/runner/work/fe-quest/fe-quest/.github/subject-b-wrong-answer-feedback-learner-flow-audit/validate_audit.py", line 221, in runtime
    req(z.returncode == 0, 'runtime failed: ' + z.stderr[-6000:])
  File "/home/runner/work/fe-quest/fe-quest/.github/subject-b-wrong-answer-feedback-learner-flow-audit/validate_audit.py", line 7, in req
    raise AssertionError(msg)
AssertionError: runtime failed: /tmp/tmpsdj8n8t7/rt.js:10239
  root.querySelectorAll('.lesson-open[data-lesson]').forEach(b=>b.onclick=()=>startLesson(b.dataset.lesson));
                                                    ^

TypeError: Cannot read properties of undefined (reading 'forEach')
    at renderLabLessonGrid (/tmp/tmpsdj8n8t7/rt.js:10239:53)
    at Object.<anonymous> (/tmp/tmpsdj8n8t7/rt.js:10261:23)
    at Module._compile (node:internal/modules/cjs/loader:1781:14)
    at Object..js (node:internal/modules/cjs/loader:1913:10)
    at Module.load (node:internal/modules/cjs/loader:1505:32)
    at Function._load (node:internal/modules/cjs/loader:1309:12)
    at wrapModuleLoad (node:internal/modules/cjs/loader:254:19)
    at Function.executeUserEntryPoint [as runMain] (node:internal/modules/run_main:171:5)
    at node:internal/main/run_main_module:36:49

Node.js v22.23.2

